[www.jurassicsystems.com/index.html]
[backblue.gif]
[fade.gif]
[index.html]
[www.jurassicsystems.com/css/normalize.css]
[www.jurassicsystems.com/favicon.ico]
[www.jurassicsystems.com/css/jurassicSystems.css]
[www.jurassicsystems.com/js/lib/modernizr.js]
[www.jurassicsystems.com/about.html]
[www.jurassicsystems.com/img/homeKey.jpg]
[www.jurassicsystems.com/img/irixBoot.gif]
[www.jurassicsystems.com/img/continueButton.png]
[www.jurassicsystems.com/vid/theKing.mp4]
[www.jurassicsystems.com/js/lib/jquery.js]
[www.jurassicsystems.com/js/lib/soundmanager2-nodebug-jsmin.js]
[www.jurassicsystems.com/index.html]
[www.jurassicsystems.com/css/normalize.css]
[www.jurassicsystems.com/js/jurassicSystems.js]
[www.jurassicsystems.com/img/irixBackground.jpg]
[www.jurassicsystems.com/img/appleBackground.jpg]
[www.jurassicsystems.com/img/mainTerm.jpg]
[www.jurassicsystems.com/img/chessTerm.jpg]
[www.jurassicsystems.com/img/zebraGirlWindow.jpg]
[www.jurassicsystems.com/img/grOsview.gif]
[www.jurassicsystems.com/img/theKingFocus.jpg]
[www.jurassicsystems.com/img/theKingBlur.jpg]
[www.jurassicsystems.com/img/macHDFocus.jpg]
[www.jurassicsystems.com/img/buttonOverlay.png]
[www.jurassicsystems.com/css/jurassicSystems.css]
[www.jurassicsystems.com/js/lib/modernizr.js]
[www.jurassicsystems.com/css/about.css]
[s3.amazonaws.com/github/ribbons/forkme_left_gray_6d6d6d.png]
[www.jurassicsystems.com/img/jurassicSystems.jpg]
[www.jurassicsystems.com/img/exampleInput.jpg]
[www.jurassicsystems.com/system.html]
[www.jurassicsystems.com/theking.html]
[www.jurassicsystems.com/error]
[connect.facebook.net/en_US/all.js]
[code.jquery.com/jquery.min.js]
[www.jurassicsystems.com/js/lib/jquery-1.10.2.min.js]
[www.jurassicsystems.com/about.html]
[www.jurassicsystems.com/js/lib/jquery.js]
[www.jurassicsystems.com/js/lib/soundmanager2-nodebug-jsmin.js]
[code.jquery.com/ui/1.10.3/jquery-ui.js]
[www.jurassicsystems.com/snd/beep.ogg]
[www.jurassicsystems.com/snd/beep.mp3]
[www.jurassicsystems.com/snd/beep.wav]
[www.jurassicsystems.com/snd/lockDown.ogg]
[www.jurassicsystems.com/snd/lockDown.mp3]
[www.jurassicsystems.com/snd/lockDown.wav]
[www.jurassicsystems.com/snd/dennisMusic.ogg]
[www.jurassicsystems.com/snd/dennisMusic.mp3]
[www.jurassicsystems.com/snd/dennisMusic.wav]
[www.jurassicsystems.com/img/asciiNewman.jpg]
[www.jurassicsystems.com/theKingFocus.jpg]
[www.jurassicsystems.com/macHDBlur.jpg]
[www.jurassicsystems.com/asciiNewman.jpg]
[www.jurassicsystems.com/zebraGirlWindow.jpg]
[www.jurassicsystems.com/js/jurassicSystems.js]
[www.jurassicsystems.com/css/about.css]
[www.jurassicsystems.com/system.html]
[www.jurassicsystems.com/css/theKing.css]
[www.jurassicsystems.com/swf/theKing.swf]
[www.jurassicsystems.com/theking.html]
[www.jurassicsystems.com/error.html]
[connect.facebook.net/en_US/all.js]
[www.jurassicsystems.com/js/lib/jquery-1.10.2.min.html]
[www.jurassicsystems.com/theKingFocus.html]
[www.jurassicsystems.com/macHDBlur.html]
[www.jurassicsystems.com/asciiNewman.html]
[www.jurassicsystems.com/zebraGirlWindow.html]
[www.jurassicsystems.com/css/theKing.css]
[www.jurassicsystems.com/swf/theKing.html]
[www.jurassicsystems.com/js/theKing.js]
[www.jurassicsystems.com/js/theKing.js]
[www.adobe.com/images/shared/download_buttons/get_flash_player.gif]
